export IDF_PATH=/Users/statusC/esp/esp-idf
/Users/statusC/.espressif/python_env/idf5.1_py3.11_env/bin/python /Users/statusC/esp/esp-idf/tools/idf_monitor.py -p /dev/cu.SLAB_USBtoUART -b 115200 --toolchain-prefix riscv32-esp-elf- --target esp32c6 /Users/statusC/esp/z_github/HA_on_off_light/bui%                                                                                                   ld/light_bulb.elf                                                          
statusC@MacBook-Air-von-Elias HA_on_off_light % export IDF_PATH=/Users/statusC/esp/esp-idf
statusC@MacBook-Air-von-Elias HA_on_off_light % /Users/statusC/.espressif/python_env/idf5.1_py3.11_env/bin/python /Users/statusC/esp/esp-idf/tools/idf_monitor.py -p /dev/cu.SL
AB_USBtoUART -b 115200 --toolchain-prefix riscv32-esp-elf- --target esp32c6 /Users/statusC/esp/z_github/HA_on_off_light/build/light_bulb.elf
--- idf_monitor on /dev/cu.SLAB_USBtoUART 115200 ---
--- Quit: Ctrl+] | Menu: Ctrl+T | Help: Ctrl+T followed by Ctrl+H ---
ESP-ROM:esp32c6-20220919
Build:Sep 19 2022
rst:0x1 (POWERON),boot:0xc (SPI_FAST_FLASH_BOOT)
SPIWP:0xee
mode:DIO, clock div:2
load:0x4086c410,len:0xd48
load:0x4086e610,len:0x2d68
load:0x40875720,len:0x17ec
entry 0x4086c410
I (23) boot: ESP-IDF v5.1-dirty 2nd stage bootloader
I (24) boot: compile time Aug  8 2023 18:21:03
I (24) boot: chip revision: v0.0
I (27) boot.esp32c6: SPI Speed      : 40MHz
I (32) boot.esp32c6: SPI Mode       : DIO
I (36) boot.esp32c6: SPI Flash Size : 2MB
I (41) boot: Enabling RNG early entropy source...
I (47) boot: Partition Table:
I (50) boot: ## Label            Usage          Type ST Offset   Length
I (57) boot:  0 nvs              WiFi data        01 02 00009000 00006000
I (65) boot:  1 phy_init         RF data          01 01 0000f000 00001000
I (72) boot:  2 factory          factory app      00 00 00010000 00089800
I (80) boot:  3 zb_storage       Unknown data     01 81 0009a000 00004000
I (87) boot:  4 zb_fct           Unknown data     01 81 0009e000 00000400
I (95) boot: End of partition table
I (99) esp_image: segment 0: paddr=00010020 vaddr=42058020 size=0cc30h ( 52272) map
I (118) esp_image: segment 1: paddr=0001cc58 vaddr=40800000 size=033c0h ( 13248) load
I (122) esp_image: segment 2: paddr=00020020 vaddr=42000020 size=55dech (351724) map
I (196) esp_image: segment 3: paddr=00075e14 vaddr=408033c0 size=0b448h ( 46152) load
I (210) boot: Loaded app from partition at offset 0x10000
I (210) boot: Disabling RNG early entropy source...
I (221) cpu_start: Unicore app
I (222) cpu_start: Pro cpu up.
W (231) clk: esp_perip_clk_init() has not been implemented yet
I (237) cpu_start: Pro cpu start user code
I (237) cpu_start: cpu freq: 160000000 Hz
I (238) cpu_start: Application information:
I (240) cpu_start: Project name:     light_bulb
I (246) cpu_start: App version:      eee6b64-dirty
I (251) cpu_start: Compile time:     Oct  1 2023 20:32:14
I (257) cpu_start: ELF file SHA256:  faaf7edd3a591e64...
I (263) cpu_start: ESP-IDF:          v5.1-dirty
I (268) cpu_start: Min chip rev:     v0.0
I (273) cpu_start: Max chip rev:     v0.99 
I (278) cpu_start: Chip rev:         v0.0
I (283) heap_init: Initializing. RAM available for dynamic allocation:
I (290) heap_init: At 40814B70 len 00067AA0 (414 KiB): D/IRAM
I (296) heap_init: At 4087C610 len 00002F54 (11 KiB): STACK/DIRAM
I (303) heap_init: At 50000010 len 00003FF0 (15 KiB): RTCRAM
I (310) spi_flash: detected chip: generic
I (314) spi_flash: flash io: dio
W (318) spi_flash: Detected size(8192k) larger than the size in the binary image header(2048k). Using the size in the binary image header.
W (331) ADC: legacy driver is deprecated, please migrate to `esp_adc/adc_oneshot.h`
I (339) sleep: Configure to isolate all GPIO pins in sleep state
I (346) sleep: Enable automatic switching of GPIO sleep configuration
I (353) coexist: coex firmware version: ebddf30
I (359) coexist: coexist rom version 5b8dcfa
I (364) app_start: Starting scheduler on CPU0
I (368) main_task: Started on CPU0
I (368) main_task: Calling app_main()
I (378) phy_init: phy_version 202,b4b3263,May 17 2023,20:14:14
I (428) gpio: GPIO[6]| InputEn: 0| OutputEn: 0| OpenDrain: 0| Pullup: 0| Pulldown: 0| Intr:0 
I (438) ESP_ZB_ON_OFF_VALVE: ZDO signal: 23, status: -1
I (438) ESP_ZB_ON_OFF_VALVE: Zigbee stack initialized
I (438) ESP_ZB_ON_OFF_VALVE: Calculated Battery Percentage Attribute: 100
I (448) ESP_ZB_ON_OFF_VALVE: Battery Voltage: 10.285991V, Battery Percentage: 100.00%
